// Jest Snapshot v1, https://goo.gl/fbAQLP

exports[`renders correctly 1`] = `
Array [
  <View
    style={
      Array [
        Object {
          "paddingTop": 24,
        },
      ]
    }
  >
    <View
      style={
        Array [
          Object {
            "alignItems": "center",
            "paddingBottom": 16,
          },
        ]
      }
    />
    <View
      style={
        Array [
          Object {
            "flexDirection": "row",
            "justifyContent": "space-between",
            "paddingHorizontal": 24,
          },
        ]
      }
    >
      <View
        accessible={true}
        collapsable={false}
        focusable={true}
        onBlur={[Function]}
        onClick={[Function]}
        onFocus={[Function]}
        onResponderGrant={[Function]}
        onResponderMove={[Function]}
        onResponderRelease={[Function]}
        onResponderTerminate={[Function]}
        onResponderTerminationRequest={[Function]}
        onStartShouldSetResponder={[Function]}
        style={
          Array [
            Object {
              "alignItems": "center",
              "backgroundColor": "#4CECE0",
              "borderColor": "#45A29E",
              "borderRadius": 15,
              "borderWidth": 2,
              "height": 44,
              "justifyContent": "center",
              "width": 120,
            },
          ]
        }
      >
        <Text
          style={
            Array [
              Object {
                "color": "#1F2833",
                "fontSize": 18,
              },
            ]
          }
        >
          Cancel
        </Text>
      </View>
      <View
        accessible={true}
        collapsable={false}
        focusable={true}
        onBlur={[Function]}
        onClick={[Function]}
        onFocus={[Function]}
        onResponderGrant={[Function]}
        onResponderMove={[Function]}
        onResponderRelease={[Function]}
        onResponderTerminate={[Function]}
        onResponderTerminationRequest={[Function]}
        onStartShouldSetResponder={[Function]}
        style={
          Array [
            Object {
              "alignItems": "center",
              "backgroundColor": "#4CECE0",
              "borderColor": "#45A29E",
              "borderRadius": 15,
              "borderWidth": 2,
              "height": 44,
              "justifyContent": "center",
              "width": 120,
            },
          ]
        }
      >
        <Text
          style={
            Array [
              Object {
                "color": "#1F2833",
                "fontSize": 18,
              },
            ]
          }
        >
          Save
        </Text>
      </View>
    </View>
  </View>,
  <View
    style={
      Array [
        Object {
          "paddingTop": 24,
        },
      ]
    }
  >
    <Text
      style={
        Array [
          Object {
            "color": "#ff0000",
            "fontSize": 14,
            "fontWeight": "400",
            "paddingBottom": 8,
            "paddingLeft": 24,
          },
        ]
      }
    >
      error
    </Text>
    <View
      style={
        Array [
          Object {
            "alignItems": "center",
            "paddingBottom": 16,
          },
        ]
      }
    />
    <View
      style={
        Array [
          Object {
            "flexDirection": "row",
            "justifyContent": "space-between",
            "paddingHorizontal": 24,
          },
        ]
      }
    >
      <View
        accessible={true}
        collapsable={false}
        focusable={true}
        onBlur={[Function]}
        onClick={[Function]}
        onFocus={[Function]}
        onResponderGrant={[Function]}
        onResponderMove={[Function]}
        onResponderRelease={[Function]}
        onResponderTerminate={[Function]}
        onResponderTerminationRequest={[Function]}
        onStartShouldSetResponder={[Function]}
        style={
          Array [
            Object {
              "alignItems": "center",
              "backgroundColor": "#4CECE0",
              "borderColor": "#45A29E",
              "borderRadius": 15,
              "borderWidth": 2,
              "height": 44,
              "justifyContent": "center",
              "width": 120,
            },
          ]
        }
      >
        <Text
          style={
            Array [
              Object {
                "color": "#1F2833",
                "fontSize": 18,
              },
            ]
          }
        >
          Cancel
        </Text>
      </View>
      <View
        accessible={true}
        collapsable={false}
        focusable={true}
        onBlur={[Function]}
        onClick={[Function]}
        onFocus={[Function]}
        onResponderGrant={[Function]}
        onResponderMove={[Function]}
        onResponderRelease={[Function]}
        onResponderTerminate={[Function]}
        onResponderTerminationRequest={[Function]}
        onStartShouldSetResponder={[Function]}
        style={
          Array [
            Object {
              "alignItems": "center",
              "backgroundColor": "#4CECE0",
              "borderColor": "#45A29E",
              "borderRadius": 15,
              "borderWidth": 2,
              "height": 44,
              "justifyContent": "center",
              "width": 120,
            },
          ]
        }
      >
        <Text
          style={
            Array [
              Object {
                "color": "#1F2833",
                "fontSize": 18,
              },
            ]
          }
        >
          Save
        </Text>
      </View>
    </View>
  </View>,
]
`;
