// Jest Snapshot v1, https://goo.gl/fbAQLP

exports[`renders correctly 1`] = `
<RCTSafeAreaView
  emulateUnlessSupported={true}
  style={
    Object {
      "backgroundColor": "#1F2833",
      "flex": 1,
    }
  }
>
  <View
    style={
      Array [
        Object {
          "alignItems": "center",
          "backgroundColor": "#0B0C10",
          "flexBasis": 0,
          "flexDirection": "column",
          "flexGrow": 1,
          "flexShrink": 1,
        },
      ]
    }
  >
    <View
      style={
        Array [
          Object {
            "alignItems": "center",
            "backgroundColor": "#1F2833",
            "borderBottomLeftRadius": 15,
            "borderBottomRightRadius": 15,
            "borderColor": "#1F2833",
            "borderWidth": 1,
            "height": 50,
            "justifyContent": "center",
            "width": "100%",
          },
        ]
      }
    >
      <Text
        style={
          Array [
            Object {
              "color": "#C5C6C7",
              "fontSize": 24,
            },
          ]
        }
      >
        Market
      </Text>
    </View>
    <View
      style={
        Array [
          Object {
            "alignItems": "center",
            "backgroundColor": "#1F2833",
            "borderColor": "#4CECE0",
            "borderRadius": 15,
            "borderWidth": 1,
            "flexDirection": "row",
            "height": 40,
            "marginTop": 8,
            "paddingHorizontal": 16,
            "paddingLeft": 16,
            "width": 340,
          },
        ]
      }
    >
      <Text
        allowFontScaling={false}
        selectable={false}
        style={
          Array [
            Object {
              "color": "#4CECE0",
              "fontSize": 24,
            },
            undefined,
            Object {
              "fontFamily": "Ionicons",
              "fontStyle": "normal",
              "fontWeight": "normal",
            },
            Object {},
          ]
        }
      >
        
      </Text>
      <TextInput
        onChangeText={[Function]}
        placeholder="Search here..."
        placeholderTextColor="rgba(69, 162, 158, 0.5)"
        style={
          Array [
            Object {
              "color": "#45A29E",
              "paddingLeft": 12,
            },
          ]
        }
        value=""
      />
    </View>
    <RCTScrollView
      data={Array []}
      getItemLayout={[Function]}
      initialNumToRender={150}
      keyExtractor={[Function]}
      onRefresh={[Function]}
      refreshing={false}
      renderItem={[Function]}
    >
      <View />
    </RCTScrollView>
    <Modal
      animationType="none"
      hardwareAccelerated={false}
      onRequestClose={[Function]}
      supportedOrientations={
        Array [
          "portrait",
          "portrait-upside-down",
          "landscape",
          "landscape-left",
          "landscape-right",
        ]
      }
      transparent={true}
      visible={false}
    />
  </View>
</RCTSafeAreaView>
`;
